Modules list:
-------------
gamemain.o:
    CODE              Offs=000000  Size=000467  Align=00001  Fill=0000
    RODATA            Offs=000000  Size=00037D  Align=00001  Fill=0000
    BSS               Offs=000000  Size=000004  Align=00001  Fill=0000
    DATA              Offs=000000  Size=000000  Align=00001  Fill=0000
    ZEROPAGE          Offs=000000  Size=000000  Align=00001  Fill=0000
    NULL              Offs=000000  Size=000000  Align=00001  Fill=0000
gamemap.o:
    CODE              Offs=000467  Size=000000  Align=00001  Fill=0000
    RODATA            Offs=00037D  Size=000000  Align=00001  Fill=0000
    BSS               Offs=000004  Size=000000  Align=00001  Fill=0000
    DATA              Offs=000000  Size=000000  Align=00001  Fill=0000
    ZEROPAGE          Offs=000000  Size=000000  Align=00001  Fill=0000
    NULL              Offs=000000  Size=000000  Align=00001  Fill=0000
mask.o:
    CODE              Offs=000467  Size=00002A  Align=00001  Fill=0000
    RODATA            Offs=00037D  Size=000000  Align=00001  Fill=0000
    BSS               Offs=000004  Size=000000  Align=00001  Fill=0000
    DATA              Offs=000000  Size=000000  Align=00001  Fill=0000
    ZEROPAGE          Offs=000000  Size=000000  Align=00001  Fill=0000
    NULL              Offs=000000  Size=000000  Align=00001  Fill=0000
plague.o:
    CODE              Offs=000491  Size=00069A  Align=00001  Fill=0000
    RODATA            Offs=00037D  Size=000064  Align=00001  Fill=0000
    BSS               Offs=000004  Size=000000  Align=00001  Fill=0000
    DATA              Offs=000000  Size=000064  Align=00001  Fill=0000
    ZEROPAGE          Offs=000000  Size=000000  Align=00001  Fill=0000
    NULL              Offs=000000  Size=000000  Align=00001  Fill=0000
player.o:
    CODE              Offs=000B2B  Size=0002AA  Align=00001  Fill=0000
    RODATA            Offs=0003E1  Size=000000  Align=00001  Fill=0000
    BSS               Offs=000004  Size=000000  Align=00001  Fill=0000
    DATA              Offs=000064  Size=000000  Align=00001  Fill=0000
    ZEROPAGE          Offs=000000  Size=000000  Align=00001  Fill=0000
    NULL              Offs=000000  Size=000000  Align=00001  Fill=0000
rndhelper.o:
    CODE              Offs=000DD5  Size=00002A  Align=00001  Fill=0000
    RODATA            Offs=0003E1  Size=000000  Align=00001  Fill=0000
    BSS               Offs=000004  Size=000000  Align=00001  Fill=0000
    DATA              Offs=000064  Size=000000  Align=00001  Fill=0000
    ZEROPAGE          Offs=000000  Size=000000  Align=00001  Fill=0000
    NULL              Offs=000000  Size=000000  Align=00001  Fill=0000
scrolling.o:
    CODE              Offs=000DFF  Size=000187  Align=00001  Fill=0000
    RODATA            Offs=0003E1  Size=000000  Align=00001  Fill=0000
    BSS               Offs=000004  Size=000000  Align=00001  Fill=0000
    DATA              Offs=000064  Size=000000  Align=00001  Fill=0000
    ZEROPAGE          Offs=000000  Size=000000  Align=00001  Fill=0000
    NULL              Offs=000000  Size=000000  Align=00001  Fill=0000
vrambuf.o:
    CODE              Offs=000F86  Size=00009D  Align=00001  Fill=0000
    RODATA            Offs=0003E1  Size=000000  Align=00001  Fill=0000
    BSS               Offs=000004  Size=000000  Align=00001  Fill=0000
    DATA              Offs=000064  Size=000001  Align=00001  Fill=0000
    ZEROPAGE          Offs=000000  Size=000000  Align=00001  Fill=0000
    NULL              Offs=000000  Size=000000  Align=00001  Fill=0000
chr_generic.o:
    CODE              Offs=001023  Size=000000  Align=00001  Fill=0000
    RODATA            Offs=0003E1  Size=000000  Align=00001  Fill=0000
    BSS               Offs=000004  Size=000000  Align=00001  Fill=0000
    DATA              Offs=000065  Size=000000  Align=00001  Fill=0000
    ZEROPAGE          Offs=000000  Size=000000  Align=00001  Fill=0000
    NULL              Offs=000000  Size=000000  Align=00001  Fill=0000
    CHARS             Offs=000000  Size=002000  Align=00001  Fill=0000
game_title.o:
    CODE              Offs=001023  Size=001010  Align=00001  Fill=0000
    RODATA            Offs=0003E1  Size=000000  Align=00001  Fill=0000
    BSS               Offs=000004  Size=000000  Align=00001  Fill=0000
    DATA              Offs=000065  Size=000000  Align=00001  Fill=0000
    ZEROPAGE          Offs=000000  Size=000000  Align=00001  Fill=0000
    NULL              Offs=000000  Size=000000  Align=00001  Fill=0000
header.o:
    CODE              Offs=002033  Size=000000  Align=00001  Fill=0000
    RODATA            Offs=0003E1  Size=000000  Align=00001  Fill=0000
    BSS               Offs=000004  Size=000000  Align=00001  Fill=0000
    DATA              Offs=000065  Size=000000  Align=00001  Fill=0000
    ZEROPAGE          Offs=000000  Size=000000  Align=00001  Fill=0000
    NULL              Offs=000000  Size=000000  Align=00001  Fill=0000
    INESHDR           Offs=000000  Size=000007  Align=00001  Fill=0000
crt0.o:
    CODE              Offs=002033  Size=000000  Align=00001  Fill=0000
    RODATA            Offs=0003E1  Size=000000  Align=00001  Fill=0000
    BSS               Offs=000004  Size=000000  Align=00001  Fill=0000
    DATA              Offs=000065  Size=000000  Align=00001  Fill=0000
    ZEROPAGE          Offs=000000  Size=000022  Align=00001  Fill=0000
    NULL              Offs=000000  Size=000000  Align=00001  Fill=0000
    STARTUP           Offs=000000  Size=000513  Align=00001  Fill=0000
    CHARS             Offs=002000  Size=000000  Align=00001  Fill=0000
    SAMPLES           Offs=000000  Size=000000  Align=00001  Fill=0000
    VECTORS           Offs=000000  Size=000006  Align=00001  Fill=0000
lz4vram.o:
    CODE              Offs=002033  Size=00017C  Align=00001  Fill=0000
    RODATA            Offs=0003E1  Size=000000  Align=00001  Fill=0000
    BSS               Offs=000004  Size=000000  Align=00001  Fill=0000
    DATA              Offs=000065  Size=000000  Align=00001  Fill=0000
    ZEROPAGE          Offs=000022  Size=000000  Align=00001  Fill=0000
    NULL              Offs=000000  Size=000000  Align=00001  Fill=0000
memfill.o:
    CODE              Offs=0021AF  Size=00002F  Align=00001  Fill=0000
    RODATA            Offs=0003E1  Size=000000  Align=00001  Fill=0000
    BSS               Offs=000004  Size=000000  Align=00001  Fill=0000
    DATA              Offs=000065  Size=000000  Align=00001  Fill=0000
    ZEROPAGE          Offs=000022  Size=000000  Align=00001  Fill=0000
    NULL              Offs=000000  Size=000000  Align=00001  Fill=0000
oam_clear_fast.o:
    CODE              Offs=0021DE  Size=0000C3  Align=00001  Fill=0000
    RODATA            Offs=0003E1  Size=000000  Align=00001  Fill=0000
    BSS               Offs=000004  Size=000000  Align=00001  Fill=0000
    DATA              Offs=000065  Size=000000  Align=00001  Fill=0000
    ZEROPAGE          Offs=000022  Size=000000  Align=00001  Fill=0000
    NULL              Offs=000000  Size=000000  Align=00001  Fill=0000
oam_meta_spr.o:
    CODE              Offs=0022A1  Size=00004A  Align=00001  Fill=0000
    RODATA            Offs=0003E1  Size=000000  Align=00001  Fill=0000
    BSS               Offs=000004  Size=000000  Align=00001  Fill=0000
    DATA              Offs=000065  Size=000000  Align=00001  Fill=0000
    ZEROPAGE          Offs=000022  Size=000000  Align=00001  Fill=0000
    NULL              Offs=000000  Size=000000  Align=00001  Fill=0000
oam_meta_spr_clip.o:
    CODE              Offs=0022EB  Size=000058  Align=00001  Fill=0000
    RODATA            Offs=0003E1  Size=000000  Align=00001  Fill=0000
    BSS               Offs=000004  Size=000000  Align=00001  Fill=0000
    DATA              Offs=000065  Size=000000  Align=00001  Fill=0000
    ZEROPAGE          Offs=000022  Size=000002  Align=00001  Fill=0000
    NULL              Offs=000000  Size=000000  Align=00001  Fill=0000
oam_meta_spr_pal.o:
    CODE              Offs=002343  Size=000050  Align=00001  Fill=0000
    RODATA            Offs=0003E1  Size=000000  Align=00001  Fill=0000
    BSS               Offs=000004  Size=000000  Align=00001  Fill=0000
    DATA              Offs=000065  Size=000000  Align=00001  Fill=0000
    ZEROPAGE          Offs=000024  Size=000000  Align=00001  Fill=0000
    NULL              Offs=000000  Size=000000  Align=00001  Fill=0000
oam_spr.o:
    CODE              Offs=002393  Size=00002C  Align=00001  Fill=0000
    RODATA            Offs=0003E1  Size=000000  Align=00001  Fill=0000
    BSS               Offs=000004  Size=000000  Align=00001  Fill=0000
    DATA              Offs=000065  Size=000000  Align=00001  Fill=0000
    ZEROPAGE          Offs=000024  Size=000000  Align=00001  Fill=0000
    NULL              Offs=000000  Size=000000  Align=00001  Fill=0000
pad.o:
    CODE              Offs=0023BF  Size=000051  Align=00001  Fill=0000
    RODATA            Offs=0003E1  Size=000000  Align=00001  Fill=0000
    BSS               Offs=000004  Size=000000  Align=00001  Fill=0000
    DATA              Offs=000065  Size=000000  Align=00001  Fill=0000
    ZEROPAGE          Offs=000024  Size=000006  Align=00001  Fill=0000
    NULL              Offs=000000  Size=000000  Align=00001  Fill=0000
rand.o:
    CODE              Offs=002410  Size=000032  Align=00001  Fill=0000
    RODATA            Offs=0003E1  Size=000000  Align=00001  Fill=0000
    BSS               Offs=000004  Size=000000  Align=00001  Fill=0000
    DATA              Offs=000065  Size=000000  Align=00001  Fill=0000
    ZEROPAGE          Offs=00002A  Size=000002  Align=00001  Fill=0000
    NULL              Offs=000000  Size=000000  Align=00001  Fill=0000
split.o:
    CODE              Offs=002442  Size=00002C  Align=00001  Fill=0000
    RODATA            Offs=0003E1  Size=000000  Align=00001  Fill=0000
    BSS               Offs=000004  Size=000000  Align=00001  Fill=0000
    DATA              Offs=000065  Size=000000  Align=00001  Fill=0000
    ZEROPAGE          Offs=00002C  Size=000000  Align=00001  Fill=0000
    NULL              Offs=000000  Size=000000  Align=00001  Fill=0000
splitxy.o:
    CODE              Offs=00246E  Size=00005F  Align=00001  Fill=0000
    RODATA            Offs=0003E1  Size=000000  Align=00001  Fill=0000
    BSS               Offs=000004  Size=000000  Align=00001  Fill=0000
    DATA              Offs=000065  Size=000000  Align=00001  Fill=0000
    ZEROPAGE          Offs=00002C  Size=000000  Align=00001  Fill=0000
    NULL              Offs=000000  Size=000000  Align=00001  Fill=0000
vram_read.o:
    CODE              Offs=0024CD  Size=00002A  Align=00001  Fill=0000
    RODATA            Offs=0003E1  Size=000000  Align=00001  Fill=0000
    BSS               Offs=000004  Size=000000  Align=00001  Fill=0000
    DATA              Offs=000065  Size=000000  Align=00001  Fill=0000
    ZEROPAGE          Offs=00002C  Size=000000  Align=00001  Fill=0000
    NULL              Offs=000000  Size=000000  Align=00001  Fill=0000
vram_unrle.o:
    CODE              Offs=0024F7  Size=000037  Align=00001  Fill=0000
    RODATA            Offs=0003E1  Size=000000  Align=00001  Fill=0000
    BSS               Offs=000004  Size=000000  Align=00001  Fill=0000
    DATA              Offs=000065  Size=000000  Align=00001  Fill=0000
    ZEROPAGE          Offs=00002C  Size=000000  Align=00001  Fill=0000
    NULL              Offs=000000  Size=000000  Align=00001  Fill=0000
/usr/share/cc65/lib/nes.lib(add.o):
    CODE              Offs=00252E  Size=00001C  Align=00001  Fill=0000
    RODATA            Offs=0003E1  Size=000000  Align=00001  Fill=0000
    BSS               Offs=000004  Size=000000  Align=00001  Fill=0000
    DATA              Offs=000065  Size=000000  Align=00001  Fill=0000
    ZEROPAGE          Offs=00002C  Size=000000  Align=00001  Fill=0000
    NULL              Offs=000000  Size=000000  Align=00001  Fill=0000
/usr/share/cc65/lib/nes.lib(addysp.o):
    CODE              Offs=00254A  Size=00000E  Align=00001  Fill=0000
    RODATA            Offs=0003E1  Size=000000  Align=00001  Fill=0000
    BSS               Offs=000004  Size=000000  Align=00001  Fill=0000
    DATA              Offs=000065  Size=000000  Align=00001  Fill=0000
    ZEROPAGE          Offs=00002C  Size=000000  Align=00001  Fill=0000
    NULL              Offs=000000  Size=000000  Align=00001  Fill=0000
/usr/share/cc65/lib/nes.lib(condes.o):
    CODE              Offs=002558  Size=00000C  Align=00001  Fill=0000
    RODATA            Offs=0003E1  Size=000000  Align=00001  Fill=0000
    BSS               Offs=000004  Size=000000  Align=00001  Fill=0000
    DATA              Offs=000065  Size=000025  Align=00001  Fill=0000
    ZEROPAGE          Offs=00002C  Size=000000  Align=00001  Fill=0000
    NULL              Offs=000000  Size=000000  Align=00001  Fill=0000
    ONCE              Offs=000000  Size=00000C  Align=00001  Fill=0000
/usr/share/cc65/lib/nes.lib(copydata.o):
    CODE              Offs=002564  Size=00002D  Align=00001  Fill=0000
    RODATA            Offs=0003E1  Size=000000  Align=00001  Fill=0000
    BSS               Offs=000004  Size=000000  Align=00001  Fill=0000
    DATA              Offs=00008A  Size=000000  Align=00001  Fill=0000
    ZEROPAGE          Offs=00002C  Size=000000  Align=00001  Fill=0000
    NULL              Offs=000000  Size=000000  Align=00001  Fill=0000
/usr/share/cc65/lib/nes.lib(decsp1.o):
    CODE              Offs=002591  Size=000009  Align=00001  Fill=0000
    RODATA            Offs=0003E1  Size=000000  Align=00001  Fill=0000
    BSS               Offs=000004  Size=000000  Align=00001  Fill=0000
    DATA              Offs=00008A  Size=000000  Align=00001  Fill=0000
    ZEROPAGE          Offs=00002C  Size=000000  Align=00001  Fill=0000
    NULL              Offs=000000  Size=000000  Align=00001  Fill=0000
/usr/share/cc65/lib/nes.lib(decsp2.o):
    CODE              Offs=00259A  Size=00000D  Align=00001  Fill=0000
    RODATA            Offs=0003E1  Size=000000  Align=00001  Fill=0000
    BSS               Offs=000004  Size=000000  Align=00001  Fill=0000
    DATA              Offs=00008A  Size=000000  Align=00001  Fill=0000
    ZEROPAGE          Offs=00002C  Size=000000  Align=00001  Fill=0000
    NULL              Offs=000000  Size=000000  Align=00001  Fill=0000
/usr/share/cc65/lib/nes.lib(decsp4.o):
    CODE              Offs=0025A7  Size=00000D  Align=00001  Fill=0000
    RODATA            Offs=0003E1  Size=000000  Align=00001  Fill=0000
    BSS               Offs=000004  Size=000000  Align=00001  Fill=0000
    DATA              Offs=00008A  Size=000000  Align=00001  Fill=0000
    ZEROPAGE          Offs=00002C  Size=000000  Align=00001  Fill=0000
    NULL              Offs=000000  Size=000000  Align=00001  Fill=0000
/usr/share/cc65/lib/nes.lib(decsp6.o):
    CODE              Offs=0025B4  Size=00000D  Align=00001  Fill=0000
    RODATA            Offs=0003E1  Size=000000  Align=00001  Fill=0000
    BSS               Offs=000004  Size=000000  Align=00001  Fill=0000
    DATA              Offs=00008A  Size=000000  Align=00001  Fill=0000
    ZEROPAGE          Offs=00002C  Size=000000  Align=00001  Fill=0000
    NULL              Offs=000000  Size=000000  Align=00001  Fill=0000
/usr/share/cc65/lib/nes.lib(icmp.o):
    CODE              Offs=0025C1  Size=00002E  Align=00001  Fill=0000
    RODATA            Offs=0003E1  Size=000000  Align=00001  Fill=0000
    BSS               Offs=000004  Size=000000  Align=00001  Fill=0000
    DATA              Offs=00008A  Size=000000  Align=00001  Fill=0000
    ZEROPAGE          Offs=00002C  Size=000000  Align=00001  Fill=0000
    NULL              Offs=000000  Size=000000  Align=00001  Fill=0000
/usr/share/cc65/lib/nes.lib(incsp2.o):
    CODE              Offs=0025EF  Size=000016  Align=00001  Fill=0000
    RODATA            Offs=0003E1  Size=000000  Align=00001  Fill=0000
    BSS               Offs=000004  Size=000000  Align=00001  Fill=0000
    DATA              Offs=00008A  Size=000000  Align=00001  Fill=0000
    ZEROPAGE          Offs=00002C  Size=000000  Align=00001  Fill=0000
    NULL              Offs=000000  Size=000000  Align=00001  Fill=0000
/usr/share/cc65/lib/nes.lib(incsp3.o):
    CODE              Offs=002605  Size=000005  Align=00001  Fill=0000
    RODATA            Offs=0003E1  Size=000000  Align=00001  Fill=0000
    BSS               Offs=000004  Size=000000  Align=00001  Fill=0000
    DATA              Offs=00008A  Size=000000  Align=00001  Fill=0000
    ZEROPAGE          Offs=00002C  Size=000000  Align=00001  Fill=0000
    NULL              Offs=000000  Size=000000  Align=00001  Fill=0000
/usr/share/cc65/lib/nes.lib(incsp4.o):
    CODE              Offs=00260A  Size=000005  Align=00001  Fill=0000
    RODATA            Offs=0003E1  Size=000000  Align=00001  Fill=0000
    BSS               Offs=000004  Size=000000  Align=00001  Fill=0000
    DATA              Offs=00008A  Size=000000  Align=00001  Fill=0000
    ZEROPAGE          Offs=00002C  Size=000000  Align=00001  Fill=0000
    NULL              Offs=000000  Size=000000  Align=00001  Fill=0000
/usr/share/cc65/lib/nes.lib(incsp5.o):
    CODE              Offs=00260F  Size=000005  Align=00001  Fill=0000
    RODATA            Offs=0003E1  Size=000000  Align=00001  Fill=0000
    BSS               Offs=000004  Size=000000  Align=00001  Fill=0000
    DATA              Offs=00008A  Size=000000  Align=00001  Fill=0000
    ZEROPAGE          Offs=00002C  Size=000000  Align=00001  Fill=0000
    NULL              Offs=000000  Size=000000  Align=00001  Fill=0000
/usr/share/cc65/lib/nes.lib(incsp6.o):
    CODE              Offs=002614  Size=000005  Align=00001  Fill=0000
    RODATA            Offs=0003E1  Size=000000  Align=00001  Fill=0000
    BSS               Offs=000004  Size=000000  Align=00001  Fill=0000
    DATA              Offs=00008A  Size=000000  Align=00001  Fill=0000
    ZEROPAGE          Offs=00002C  Size=000000  Align=00001  Fill=0000
    NULL              Offs=000000  Size=000000  Align=00001  Fill=0000
/usr/share/cc65/lib/nes.lib(incsp8.o):
    CODE              Offs=002619  Size=000005  Align=00001  Fill=0000
    RODATA            Offs=0003E1  Size=000000  Align=00001  Fill=0000
    BSS               Offs=000004  Size=000000  Align=00001  Fill=0000
    DATA              Offs=00008A  Size=000000  Align=00001  Fill=0000
    ZEROPAGE          Offs=00002C  Size=000000  Align=00001  Fill=0000
    NULL              Offs=000000  Size=000000  Align=00001  Fill=0000
/usr/share/cc65/lib/nes.lib(lpush.o):
    CODE              Offs=00261E  Size=000021  Align=00001  Fill=0000
    RODATA            Offs=0003E1  Size=000000  Align=00001  Fill=0000
    BSS               Offs=000004  Size=000000  Align=00001  Fill=0000
    DATA              Offs=00008A  Size=000000  Align=00001  Fill=0000
    ZEROPAGE          Offs=00002C  Size=000000  Align=00001  Fill=0000
    NULL              Offs=000000  Size=000000  Align=00001  Fill=0000
/usr/share/cc65/lib/nes.lib(ludiv.o):
    CODE              Offs=00263F  Size=00007A  Align=00001  Fill=0000
    RODATA            Offs=0003E1  Size=000000  Align=00001  Fill=0000
    BSS               Offs=000004  Size=000000  Align=00001  Fill=0000
    DATA              Offs=00008A  Size=000000  Align=00001  Fill=0000
    ZEROPAGE          Offs=00002C  Size=000000  Align=00001  Fill=0000
    NULL              Offs=000000  Size=000000  Align=00001  Fill=0000
/usr/share/cc65/lib/nes.lib(memcpy.o):
    CODE              Offs=0026B9  Size=00003C  Align=00001  Fill=0000
    RODATA            Offs=0003E1  Size=000000  Align=00001  Fill=0000
    BSS               Offs=000004  Size=000000  Align=00001  Fill=0000
    DATA              Offs=00008A  Size=000000  Align=00001  Fill=0000
    ZEROPAGE          Offs=00002C  Size=000000  Align=00001  Fill=0000
    NULL              Offs=000000  Size=000000  Align=00001  Fill=0000
/usr/share/cc65/lib/nes.lib(mul.o):
    CODE              Offs=0026F5  Size=000045  Align=00001  Fill=0000
    RODATA            Offs=0003E1  Size=000000  Align=00001  Fill=0000
    BSS               Offs=000004  Size=000000  Align=00001  Fill=0000
    DATA              Offs=00008A  Size=000000  Align=00001  Fill=0000
    ZEROPAGE          Offs=00002C  Size=000000  Align=00001  Fill=0000
    NULL              Offs=000000  Size=000000  Align=00001  Fill=0000
/usr/share/cc65/lib/nes.lib(mul8.o):
    CODE              Offs=00273A  Size=00003A  Align=00001  Fill=0000
    RODATA            Offs=0003E1  Size=000000  Align=00001  Fill=0000
    BSS               Offs=000004  Size=000000  Align=00001  Fill=0000
    DATA              Offs=00008A  Size=000000  Align=00001  Fill=0000
    ZEROPAGE          Offs=00002C  Size=000000  Align=00001  Fill=0000
    NULL              Offs=000000  Size=000000  Align=00001  Fill=0000
/usr/share/cc65/lib/nes.lib(popa.o):
    CODE              Offs=002774  Size=00000C  Align=00001  Fill=0000
    RODATA            Offs=0003E1  Size=000000  Align=00001  Fill=0000
    BSS               Offs=000004  Size=000000  Align=00001  Fill=0000
    DATA              Offs=00008A  Size=000000  Align=00001  Fill=0000
    ZEROPAGE          Offs=00002C  Size=000000  Align=00001  Fill=0000
    NULL              Offs=000000  Size=000000  Align=00001  Fill=0000
/usr/share/cc65/lib/nes.lib(popptr1.o):
    CODE              Offs=002780  Size=00000E  Align=00001  Fill=0000
    RODATA            Offs=0003E1  Size=000000  Align=00001  Fill=0000
    BSS               Offs=000004  Size=000000  Align=00001  Fill=0000
    DATA              Offs=00008A  Size=000000  Align=00001  Fill=0000
    ZEROPAGE          Offs=00002C  Size=000000  Align=00001  Fill=0000
    NULL              Offs=000000  Size=000000  Align=00001  Fill=0000
/usr/share/cc65/lib/nes.lib(pusha.o):
    CODE              Offs=00278E  Size=000016  Align=00001  Fill=0000
    RODATA            Offs=0003E1  Size=000000  Align=00001  Fill=0000
    BSS               Offs=000004  Size=000000  Align=00001  Fill=0000
    DATA              Offs=00008A  Size=000000  Align=00001  Fill=0000
    ZEROPAGE          Offs=00002C  Size=000000  Align=00001  Fill=0000
    NULL              Offs=000000  Size=000000  Align=00001  Fill=0000
/usr/share/cc65/lib/nes.lib(pushax.o):
    CODE              Offs=0027A4  Size=00001A  Align=00001  Fill=0000
    RODATA            Offs=0003E1  Size=000000  Align=00001  Fill=0000
    BSS               Offs=000004  Size=000000  Align=00001  Fill=0000
    DATA              Offs=00008A  Size=000000  Align=00001  Fill=0000
    ZEROPAGE          Offs=00002C  Size=000000  Align=00001  Fill=0000
    NULL              Offs=000000  Size=000000  Align=00001  Fill=0000
/usr/share/cc65/lib/nes.lib(pushwsp.o):
    CODE              Offs=0027BE  Size=00001C  Align=00001  Fill=0000
    RODATA            Offs=0003E1  Size=000000  Align=00001  Fill=0000
    BSS               Offs=000004  Size=000000  Align=00001  Fill=0000
    DATA              Offs=00008A  Size=000000  Align=00001  Fill=0000
    ZEROPAGE          Offs=00002C  Size=000000  Align=00001  Fill=0000
    NULL              Offs=000000  Size=000000  Align=00001  Fill=0000
/usr/share/cc65/lib/nes.lib(rand.o):
    CODE              Offs=0027DA  Size=000031  Align=00001  Fill=0000
    RODATA            Offs=0003E1  Size=000000  Align=00001  Fill=0000
    BSS               Offs=000004  Size=000000  Align=00001  Fill=0000
    DATA              Offs=00008A  Size=000004  Align=00001  Fill=0000
    ZEROPAGE          Offs=00002C  Size=000000  Align=00001  Fill=0000
    NULL              Offs=000000  Size=000000  Align=00001  Fill=0000
/usr/share/cc65/lib/nes.lib(regswap2.o):
    CODE              Offs=00280B  Size=000016  Align=00001  Fill=0000
    RODATA            Offs=0003E1  Size=000000  Align=00001  Fill=0000
    BSS               Offs=000004  Size=000000  Align=00001  Fill=0000
    DATA              Offs=00008E  Size=000000  Align=00001  Fill=0000
    ZEROPAGE          Offs=00002C  Size=000000  Align=00001  Fill=0000
    NULL              Offs=000000  Size=000000  Align=00001  Fill=0000
/usr/share/cc65/lib/nes.lib(staspidx.o):
    CODE              Offs=002821  Size=000016  Align=00001  Fill=0000
    RODATA            Offs=0003E1  Size=000000  Align=00001  Fill=0000
    BSS               Offs=000004  Size=000000  Align=00001  Fill=0000
    DATA              Offs=00008E  Size=000000  Align=00001  Fill=0000
    ZEROPAGE          Offs=00002C  Size=000000  Align=00001  Fill=0000
    NULL              Offs=000000  Size=000000  Align=00001  Fill=0000
/usr/share/cc65/lib/nes.lib(staxsp.o):
    CODE              Offs=002837  Size=00000B  Align=00001  Fill=0000
    RODATA            Offs=0003E1  Size=000000  Align=00001  Fill=0000
    BSS               Offs=000004  Size=000000  Align=00001  Fill=0000
    DATA              Offs=00008E  Size=000000  Align=00001  Fill=0000
    ZEROPAGE          Offs=00002C  Size=000000  Align=00001  Fill=0000
    NULL              Offs=000000  Size=000000  Align=00001  Fill=0000
/usr/share/cc65/lib/nes.lib(staxspi.o):
    CODE              Offs=002842  Size=00001B  Align=00001  Fill=0000
    RODATA            Offs=0003E1  Size=000000  Align=00001  Fill=0000
    BSS               Offs=000004  Size=000000  Align=00001  Fill=0000
    DATA              Offs=00008E  Size=000000  Align=00001  Fill=0000
    ZEROPAGE          Offs=00002C  Size=000000  Align=00001  Fill=0000
    NULL              Offs=000000  Size=000000  Align=00001  Fill=0000
/usr/share/cc65/lib/nes.lib(strlen.o):
    CODE              Offs=00285D  Size=000016  Align=00001  Fill=0000
    RODATA            Offs=0003E1  Size=000000  Align=00001  Fill=0000
    BSS               Offs=000004  Size=000000  Align=00001  Fill=0000
    DATA              Offs=00008E  Size=000000  Align=00001  Fill=0000
    ZEROPAGE          Offs=00002C  Size=000000  Align=00001  Fill=0000
    NULL              Offs=000000  Size=000000  Align=00001  Fill=0000
/usr/share/cc65/lib/nes.lib(sub.o):
    CODE              Offs=002873  Size=000015  Align=00001  Fill=0000
    RODATA            Offs=0003E1  Size=000000  Align=00001  Fill=0000
    BSS               Offs=000004  Size=000000  Align=00001  Fill=0000
    DATA              Offs=00008E  Size=000000  Align=00001  Fill=0000
    ZEROPAGE          Offs=00002C  Size=000000  Align=00001  Fill=0000
    NULL              Offs=000000  Size=000000  Align=00001  Fill=0000
/usr/share/cc65/lib/nes.lib(subysp.o):
    CODE              Offs=002888  Size=00000D  Align=00001  Fill=0000
    RODATA            Offs=0003E1  Size=000000  Align=00001  Fill=0000
    BSS               Offs=000004  Size=000000  Align=00001  Fill=0000
    DATA              Offs=00008E  Size=000000  Align=00001  Fill=0000
    ZEROPAGE          Offs=00002C  Size=000000  Align=00001  Fill=0000
    NULL              Offs=000000  Size=000000  Align=00001  Fill=0000
/usr/share/cc65/lib/nes.lib(udiv.o):
    CODE              Offs=002895  Size=00004F  Align=00001  Fill=0000
    RODATA            Offs=0003E1  Size=000000  Align=00001  Fill=0000
    BSS               Offs=000004  Size=000000  Align=00001  Fill=0000
    DATA              Offs=00008E  Size=000000  Align=00001  Fill=0000
    ZEROPAGE          Offs=00002C  Size=000000  Align=00001  Fill=0000
    NULL              Offs=000000  Size=000000  Align=00001  Fill=0000
/usr/share/cc65/lib/nes.lib(umod.o):
    CODE              Offs=0028E4  Size=000011  Align=00001  Fill=0000
    RODATA            Offs=0003E1  Size=000000  Align=00001  Fill=0000
    BSS               Offs=000004  Size=000000  Align=00001  Fill=0000
    DATA              Offs=00008E  Size=000000  Align=00001  Fill=0000
    ZEROPAGE          Offs=00002C  Size=000000  Align=00001  Fill=0000
    NULL              Offs=000000  Size=000000  Align=00001  Fill=0000
/usr/share/cc65/lib/nes.lib(zerobss.o):
    CODE              Offs=0028F5  Size=000023  Align=00001  Fill=0000
    RODATA            Offs=0003E1  Size=000000  Align=00001  Fill=0000
    BSS               Offs=000004  Size=000000  Align=00001  Fill=0000
    DATA              Offs=00008E  Size=000000  Align=00001  Fill=0000
    ZEROPAGE          Offs=00002C  Size=000000  Align=00001  Fill=0000
    NULL              Offs=000000  Size=000000  Align=00001  Fill=0000
/usr/share/cc65/lib/nes.lib(zeropage.o):
    CODE              Offs=002918  Size=000000  Align=00001  Fill=0000
    RODATA            Offs=0003E1  Size=000000  Align=00001  Fill=0000
    BSS               Offs=000004  Size=000000  Align=00001  Fill=0000
    DATA              Offs=00008E  Size=000000  Align=00001  Fill=0000
    ZEROPAGE          Offs=00002C  Size=00001A  Align=00001  Fill=0000
    NULL              Offs=000000  Size=000000  Align=00001  Fill=0000


Segment list:
-------------
Name                   Start     End    Size  Align
----------------------------------------------------
CHARS                 000000  001FFF  002000  00001
INESHDR               000000  000006  000007  00001
NULL                  000000  000000  000000  00001
ZEROPAGE              000000  000045  000046  00001
DATA                  000300  00038D  00008E  00001
BSS                   00038E  000391  000004  00001
STARTUP               008000  008512  000513  00001
INIT                  008513  008513  000000  00001
ONCE                  008513  00851E  00000C  00001
CODE                  00851F  00AE36  002918  00001
RODATA                00AE37  00B217  0003E1  00001
SAMPLES               00FFC0  00FFC0  000000  00001
VECTORS               00FFFA  00FFFF  000006  00001


Exports list by name:
---------------------
FRAME_CNT1                000001  LZ    FRAME_CNT2                000002  LZ    
NAME_UPD_ADR              000004  LZ    NAME_UPD_ENABLE           000006  LZ    
NMICallback               000014  LZ    NTSC_MODE                 000000  LZ    
PAL_BG_PTR                000008  LZ    PAL_SPR_PTR               00000A  LZ    
PAL_UPDATE                000007  LZ    PPU_CTRL_VAR              000010 RLZ    
PPU_CTRL_VAR1             000011 RLZ    PPU_MASK_VAR              000012  LZ    
RAND_SEED                 00002A  LZ    SCROLL_X                  00000C  LZ    
SCROLL_X1                 00000E RLZ    SCROLL_Y                  00000D  LZ    
SCROLL_Y1                 00000F RLZ    TEMP                      000017 RLZ    
VRAM_UPDATE               000003  LZ    _PALETTE                  00AE37  LA    
__BSS_LOAD__              00038E  LA    __BSS_RUN__               00038E RLA    
__BSS_SIZE__              000004 REA    __CODE_LOAD__             00851F  LA    
__CODE_RUN__              00851F  LA    __CODE_SIZE__             002918  EA    
__CONSTRUCTOR_COUNT__     000000 REA    __CONSTRUCTOR_TABLE__     008513 RLA    
__DATA_LOAD__             00B218 RLA    __DATA_RUN__              000300 RLA    
__DATA_SIZE__             00008E REA    __DESTRUCTOR_COUNT__      000000 REA    
__DESTRUCTOR_TABLE__      00B218 RLA    __INIT_LOAD__             008513  LA    
__INIT_RUN__              008513  LA    __INIT_SIZE__             000000  EA    
__ONCE_LOAD__             008513  LA    __ONCE_RUN__              008513  LA    
__ONCE_SIZE__             00000C  EA    __RAM_FILEOFFS__          000000  EA    
__RAM_LAST__              000392  LA    __RAM_SIZE__              000500 REA    
__RAM_START__             000300 RLA    __RODATA_LOAD__           00AE37  LA    
__RODATA_RUN__            00AE37  LA    __RODATA_SIZE__           0003E1  EA    
__STARTUP_LOAD__          008000  LA    __STARTUP_RUN__           008000  LA    
__STARTUP_SIZE__          000513  EA    __STARTUP__               000001 REA    
__ZP_FILEOFFS__           000000  EA    __ZP_LAST__               000046  LA    
__ZP_SIZE__               000100  EA    __ZP_START__              000000  LA    
_backGroundAttertable     00AF26  LA    _background_palette       00AE57  LA    
_bank_bg                  00835D  LA    _bank_spr                 00834D  LA    
_circle_x                 00B19C  LA    _circle_y                 00B1A8  LA    
_compute_generation       0089B0  LA    _compute_masks            008986 RLA    
_conway_grid              000300  LA    _delay                    008439  LA    
_display_static_background 008926  LA    _draw_mask_sprites        0089AA  LA    
_draw_virus               008DB0  LA    _exit                     008008  LA    
_flush_vram_update        00839E  LA    _frame_count              00038E  LA    
_game_title_pal           009542  LA    _game_title_rle           009552  LA    
_get_ppu_ctrl_var         0082C5  LA    _hello_rle                00AFC6  LA    
_main                     008959 RLA    _map_scroll               00931E RLA    
_memcpy                   00ABD8 RLA    _memfill                  00A6CE  LA    
_move_player              00904A RLA    _move_virus               008E1F RLA    
_nesclock                 008434  LA    _nesstBackground          00AE67  LA    
_nmi_set_callback         00822B  LA    _oam_clear                0082CD RLA    
_oam_clear_fast           00A6FD  LA    _oam_hide_rest            0082ED  LA    
_oam_meta_spr             00A7C0  LA    _oam_meta_spr_clip        00A80A  LA    
_oam_meta_spr_pal         00A862  LA    _oam_off                  000013 RLZ    
_oam_size                 0082DB  LA    _oam_spr                  00A8B2 RLA    
_pad_poll                 00A8DE RLA    _pad_state                00A929  LA    
_pad_trigger              00A91E  LA    _pal_all                  008230  LA    
_pal_bg                   00824A RLA    _pal_bg_bright            00828A  LA    
_pal_bright               008298 RLA    _pal_clear                00826D  LA    
_pal_col                  00825D  LA    _pal_spr                  008254 RLA    
_pal_spr_bright           00827C  LA    _play_state               008551  LA    
_player_pal               00AFB6  LA    _ppu_mask                 0082BD  LA    
_ppu_off                  00829F RLA    _ppu_on_all               0082A8 RLA    
_ppu_on_bg                0082B1  LA    _ppu_on_spr               0082B7  LA    
_ppu_system               0082C0  LA    _ppu_wait_frame           0082FA RLA    
_ppu_wait_nmi             00830F RLA    _put_str                  00851F  LA    
_rand                     00ACF9 RLA    _rand16                   00A952  LA    
_rand8                    00A947  LA    _rndint                   0092F4 RLA    
_scroll                   00831A RLA    _seconds                  000390  LA    
_set_ppu_ctrl_var         0082CA  LA    _set_rand                 00A95A  LA    
_set_vram_update          008395 RLA    _setup_graphics           008541  LA    
_show_title_screen        0088EA  LA    _split                    00A961  LA    
_splitxy                  00A98D  LA    _spr_palette              00B18C  LA    
_sqrt                     008F67  LA    _srand                    00AD1B  LA    
_strlen                   00AD7C RLA    _title_attribute_table    00AF66  LA    
_title_palette            00AFA6  LA    _title_screen             008874  LA    
_updptr                   000364  LA    _vram_adr                 0083F3 RLA    
_vram_fill                0083FE RLA    _vram_inc                 008420  LA    
_vram_put                 0083FA  LA    _vram_read                00A9EC  LA    
_vram_unlz4               00A5AD  LA    _vram_unrle               00AA16 RLA    
_vram_write               00836E RLA    _vrambuf_clear            0094AE RLA    
_vrambuf_end              0094A5  LA    _vrambuf_flush            0094B6  LA    
_vrambuf_put              0094BF  LA    addysp                    00AA6A RLA    
addysp1                   00AA69 RLA    chr_data                  000000  LA    
condes                    000365  LA    copydata                  00AA83 RLA    
decsp1                    00AAB0 RLA    decsp2                    00AAB9 RLA    
decsp4                    00AAC6 RLA    decsp6                    00AAD3 RLA    
donelib                   00AA77  LA    getlop                    00AB6F  LA    
incsp2                    00AB16 RLA    incsp3                    00AB24 RLA    
incsp4                    00AB29 RLA    incsp5                    00AB2E RLA    
incsp6                    00AB33 RLA    incsp8                    00AB38 RLA    
initlib                   008513 RLA    memcpy_getparams          00AC01  LA    
memcpy_upwards            00ABDB  LA    mul8x16                   00AC5B RLA    
mul8x16a                  00AC65 RLA    popa                      00AC93 RLA    
popax                     00AB0E RLA    popptr1                   00AC9F RLA    
ptr1                      000034 RLZ    ptr2                      000036 RLZ    
ptr3                      000038 RLZ    ptr4                      00003A RLZ    
push0                     00ACC3 RLA    push0ax                   00AB40 RLA    
pusha                     00ACB1 RLA    pusha0                    00ACC5 RLA    
pusha0sp                  00ACAD  LA    pushax                    00ACC7 RLA    
pushaysp                  00ACAF  LA    pusheax                   00AB46  LA    
pushl0                    00AB3D  LA    pushw0sp                  00ACDD RLA    
pushwysp                  00ACDF RLA    regbank                   000040 RLZ    
regsave                   000030 RLZ    regswap2                  00AD2A RLA    
sp                        00002C RLZ    sreg                      00002E RLZ    
staspidx                  00AD40 RLA    stax0sp                   00AD56  LA    
staxspidx                 00AD61 RLA    staxysp                   00AD58 RLA    
subysp                    00ADA7 RLA    tmp1                      00003C RLZ    
tmp2                      00003D RLZ    tmp3                      00003E RLZ    
tmp4                      00003F RLZ    tosadda0                  00AA4D RLA    
tosaddax                  00AA4F RLA    tosicmp                   00AAE2  LA    
tosicmp0                  00AAE0 RLA    tosmula0                  00AC59  LA    
tosmulax                  00AC14  LA    tossuba0                  00AD92 RLA    
tossubax                  00AD94 RLA    tosudiv0ax                00AB5E  LA    
tosudiva0                 00ADB4 RLA    tosudivax                 00ADB6 RLA    
tosudiveax                00AB64 RLA    tosumoda0                 00AE03 RLA    
tosumodax                 00AE05 RLA    tosumula0                 00AC59 RLA    
tosumulax                 00AC14 RLA    udiv16                    00ADC5 RLA    
udiv32                    00AB93  LA    zerobss                   00AE14 RLA    



Exports list by value:
----------------------
NTSC_MODE                 000000  LZ    __CONSTRUCTOR_COUNT__     000000 REA    
__DESTRUCTOR_COUNT__      000000 REA    __INIT_SIZE__             000000  EA    
__RAM_FILEOFFS__          000000  EA    __ZP_FILEOFFS__           000000  EA    
__ZP_START__              000000  LA    chr_data                  000000  LA    
FRAME_CNT1                000001  LZ    __STARTUP__               000001 REA    
FRAME_CNT2                000002  LZ    VRAM_UPDATE               000003  LZ    
NAME_UPD_ADR              000004  LZ    __BSS_SIZE__              000004 REA    
NAME_UPD_ENABLE           000006  LZ    PAL_UPDATE                000007  LZ    
PAL_BG_PTR                000008  LZ    PAL_SPR_PTR               00000A  LZ    
SCROLL_X                  00000C  LZ    __ONCE_SIZE__             00000C  EA    
SCROLL_Y                  00000D  LZ    SCROLL_X1                 00000E RLZ    
SCROLL_Y1                 00000F RLZ    PPU_CTRL_VAR              000010 RLZ    
PPU_CTRL_VAR1             000011 RLZ    PPU_MASK_VAR              000012  LZ    
_oam_off                  000013 RLZ    NMICallback               000014  LZ    
TEMP                      000017 RLZ    RAND_SEED                 00002A  LZ    
sp                        00002C RLZ    sreg                      00002E RLZ    
regsave                   000030 RLZ    ptr1                      000034 RLZ    
ptr2                      000036 RLZ    ptr3                      000038 RLZ    
ptr4                      00003A RLZ    tmp1                      00003C RLZ    
tmp2                      00003D RLZ    tmp3                      00003E RLZ    
tmp4                      00003F RLZ    regbank                   000040 RLZ    
__ZP_LAST__               000046  LA    __DATA_SIZE__             00008E REA    
__ZP_SIZE__               000100  EA    __DATA_RUN__              000300 RLA    
__RAM_START__             000300 RLA    _conway_grid              000300  LA    
_updptr                   000364  LA    condes                    000365  LA    
__BSS_LOAD__              00038E  LA    __BSS_RUN__               00038E RLA    
_frame_count              00038E  LA    _seconds                  000390  LA    
__RAM_LAST__              000392  LA    __RODATA_SIZE__           0003E1  EA    
__RAM_SIZE__              000500 REA    __STARTUP_SIZE__          000513  EA    
__CODE_SIZE__             002918  EA    __STARTUP_LOAD__          008000  LA    
__STARTUP_RUN__           008000  LA    _exit                     008008  LA    
_nmi_set_callback         00822B  LA    _pal_all                  008230  LA    
_pal_bg                   00824A RLA    _pal_spr                  008254 RLA    
_pal_col                  00825D  LA    _pal_clear                00826D  LA    
_pal_spr_bright           00827C  LA    _pal_bg_bright            00828A  LA    
_pal_bright               008298 RLA    _ppu_off                  00829F RLA    
_ppu_on_all               0082A8 RLA    _ppu_on_bg                0082B1  LA    
_ppu_on_spr               0082B7  LA    _ppu_mask                 0082BD  LA    
_ppu_system               0082C0  LA    _get_ppu_ctrl_var         0082C5  LA    
_set_ppu_ctrl_var         0082CA  LA    _oam_clear                0082CD RLA    
_oam_size                 0082DB  LA    _oam_hide_rest            0082ED  LA    
_ppu_wait_frame           0082FA RLA    _ppu_wait_nmi             00830F RLA    
_scroll                   00831A RLA    _bank_spr                 00834D  LA    
_bank_bg                  00835D  LA    _vram_write               00836E RLA    
_set_vram_update          008395 RLA    _flush_vram_update        00839E  LA    
_vram_adr                 0083F3 RLA    _vram_put                 0083FA  LA    
_vram_fill                0083FE RLA    _vram_inc                 008420  LA    
_nesclock                 008434  LA    _delay                    008439  LA    
__CONSTRUCTOR_TABLE__     008513 RLA    __INIT_LOAD__             008513  LA    
__INIT_RUN__              008513  LA    __ONCE_LOAD__             008513  LA    
__ONCE_RUN__              008513  LA    initlib                   008513 RLA    
__CODE_LOAD__             00851F  LA    __CODE_RUN__              00851F  LA    
_put_str                  00851F  LA    _setup_graphics           008541  LA    
_play_state               008551  LA    _title_screen             008874  LA    
_show_title_screen        0088EA  LA    _display_static_background 008926  LA    
_main                     008959 RLA    _compute_masks            008986 RLA    
_draw_mask_sprites        0089AA  LA    _compute_generation       0089B0  LA    
_draw_virus               008DB0  LA    _move_virus               008E1F RLA    
_sqrt                     008F67  LA    _move_player              00904A RLA    
_rndint                   0092F4 RLA    _map_scroll               00931E RLA    
_vrambuf_end              0094A5  LA    _vrambuf_clear            0094AE RLA    
_vrambuf_flush            0094B6  LA    _vrambuf_put              0094BF  LA    
_game_title_pal           009542  LA    _game_title_rle           009552  LA    
_vram_unlz4               00A5AD  LA    _memfill                  00A6CE  LA    
_oam_clear_fast           00A6FD  LA    _oam_meta_spr             00A7C0  LA    
_oam_meta_spr_clip        00A80A  LA    _oam_meta_spr_pal         00A862  LA    
_oam_spr                  00A8B2 RLA    _pad_poll                 00A8DE RLA    
_pad_trigger              00A91E  LA    _pad_state                00A929  LA    
_rand8                    00A947  LA    _rand16                   00A952  LA    
_set_rand                 00A95A  LA    _split                    00A961  LA    
_splitxy                  00A98D  LA    _vram_read                00A9EC  LA    
_vram_unrle               00AA16 RLA    tosadda0                  00AA4D RLA    
tosaddax                  00AA4F RLA    addysp1                   00AA69 RLA    
addysp                    00AA6A RLA    donelib                   00AA77  LA    
copydata                  00AA83 RLA    decsp1                    00AAB0 RLA    
decsp2                    00AAB9 RLA    decsp4                    00AAC6 RLA    
decsp6                    00AAD3 RLA    tosicmp0                  00AAE0 RLA    
tosicmp                   00AAE2  LA    popax                     00AB0E RLA    
incsp2                    00AB16 RLA    incsp3                    00AB24 RLA    
incsp4                    00AB29 RLA    incsp5                    00AB2E RLA    
incsp6                    00AB33 RLA    incsp8                    00AB38 RLA    
pushl0                    00AB3D  LA    push0ax                   00AB40 RLA    
pusheax                   00AB46  LA    tosudiv0ax                00AB5E  LA    
tosudiveax                00AB64 RLA    getlop                    00AB6F  LA    
udiv32                    00AB93  LA    _memcpy                   00ABD8 RLA    
memcpy_upwards            00ABDB  LA    memcpy_getparams          00AC01  LA    
tosmulax                  00AC14  LA    tosumulax                 00AC14 RLA    
tosmula0                  00AC59  LA    tosumula0                 00AC59 RLA    
mul8x16                   00AC5B RLA    mul8x16a                  00AC65 RLA    
popa                      00AC93 RLA    popptr1                   00AC9F RLA    
pusha0sp                  00ACAD  LA    pushaysp                  00ACAF  LA    
pusha                     00ACB1 RLA    push0                     00ACC3 RLA    
pusha0                    00ACC5 RLA    pushax                    00ACC7 RLA    
pushw0sp                  00ACDD RLA    pushwysp                  00ACDF RLA    
_rand                     00ACF9 RLA    _srand                    00AD1B  LA    
regswap2                  00AD2A RLA    staspidx                  00AD40 RLA    
stax0sp                   00AD56  LA    staxysp                   00AD58 RLA    
staxspidx                 00AD61 RLA    _strlen                   00AD7C RLA    
tossuba0                  00AD92 RLA    tossubax                  00AD94 RLA    
subysp                    00ADA7 RLA    tosudiva0                 00ADB4 RLA    
tosudivax                 00ADB6 RLA    udiv16                    00ADC5 RLA    
tosumoda0                 00AE03 RLA    tosumodax                 00AE05 RLA    
zerobss                   00AE14 RLA    _PALETTE                  00AE37  LA    
__RODATA_LOAD__           00AE37  LA    __RODATA_RUN__            00AE37  LA    
_background_palette       00AE57  LA    _nesstBackground          00AE67  LA    
_backGroundAttertable     00AF26  LA    _title_attribute_table    00AF66  LA    
_title_palette            00AFA6  LA    _player_pal               00AFB6  LA    
_hello_rle                00AFC6  LA    _spr_palette              00B18C  LA    
_circle_x                 00B19C  LA    _circle_y                 00B1A8  LA    
__DATA_LOAD__             00B218 RLA    __DESTRUCTOR_TABLE__      00B218 RLA    



Imports list:
-------------
FRAME_CNT1 (crt0.o):
FRAME_CNT2 (crt0.o):
NAME_UPD_ADR (crt0.o):
NAME_UPD_ENABLE (crt0.o):
NMICallback (crt0.o):
NTSC_MODE (crt0.o):
PAL_BG_PTR (crt0.o):
PAL_SPR_PTR (crt0.o):
PAL_UPDATE (crt0.o):
PPU_CTRL_VAR (crt0.o):
    split.o                   ../neslib/split.s(3)
PPU_CTRL_VAR1 (crt0.o):
    split.o                   ../neslib/split.s(3)
PPU_MASK_VAR (crt0.o):
RAND_SEED (rand.o):
SCROLL_X (crt0.o):
SCROLL_X1 (crt0.o):
    splitxy.o                 ../neslib/splitxy.s(2)
    split.o                   ../neslib/split.s(3)
SCROLL_Y (crt0.o):
SCROLL_Y1 (crt0.o):
    splitxy.o                 ../neslib/splitxy.s(2)
TEMP (crt0.o):
    vram_unrle.o              ../neslib/vram_unrle.s(2)
    vram_read.o               ../neslib/vram_read.s(2)
    splitxy.o                 ../neslib/splitxy.s(2)
    split.o                   ../neslib/split.s(3)
    pad.o                     ../neslib/pad.s(8)
    oam_spr.o                 ../neslib/oam_spr.s(2)
    oam_meta_spr_pal.o        ../neslib/oam_meta_spr_pal.s(2)
    oam_meta_spr_clip.o       ../neslib/oam_meta_spr_clip.s(2)
    oam_meta_spr.o            ../neslib/oam_meta_spr.s(2)
    memfill.o                 ../neslib/memfill.s(2)
VRAM_UPDATE (crt0.o):
_PALETTE (gamemain.o):
__BSS_LOAD__ ([linker generated]):
__BSS_RUN__ ([linker generated]):
    zerobss.o                 common/zerobss.s(8)
__BSS_SIZE__ ([linker generated]):
    zerobss.o                 common/zerobss.s(8)
__CODE_LOAD__ ([linker generated]):
__CODE_RUN__ ([linker generated]):
__CODE_SIZE__ ([linker generated]):
__CONSTRUCTOR_COUNT__ ([linker generated]):
    condes.o                  runtime/condes.s(18)
__CONSTRUCTOR_TABLE__ ([linker generated]):
    condes.o                  runtime/condes.s(18)
__DATA_LOAD__ ([linker generated]):
    copydata.o                common/copydata.s(8)
__DATA_RUN__ ([linker generated]):
    copydata.o                common/copydata.s(8)
__DATA_SIZE__ ([linker generated]):
    copydata.o                common/copydata.s(8)
__DESTRUCTOR_COUNT__ ([linker generated]):
    condes.o                  runtime/condes.s(19)
__DESTRUCTOR_TABLE__ ([linker generated]):
    condes.o                  runtime/condes.s(19)
__INIT_LOAD__ ([linker generated]):
__INIT_RUN__ ([linker generated]):
__INIT_SIZE__ ([linker generated]):
__ONCE_LOAD__ ([linker generated]):
__ONCE_RUN__ ([linker generated]):
__ONCE_SIZE__ ([linker generated]):
__RAM_FILEOFFS__ ([linker generated]):
__RAM_LAST__ ([linker generated]):
__RAM_SIZE__ ([linker generated]):
    crt0.o                    ../neslib/crt0.s(9)
__RAM_START__ ([linker generated]):
    crt0.o                    ../neslib/crt0.s(9)
__RODATA_LOAD__ ([linker generated]):
__RODATA_RUN__ ([linker generated]):
__RODATA_SIZE__ ([linker generated]):
__STARTUP_LOAD__ ([linker generated]):
__STARTUP_RUN__ ([linker generated]):
__STARTUP_SIZE__ ([linker generated]):
__STARTUP__ (crt0.o):
    gamemain.o                gamemain.s(13)
__ZP_FILEOFFS__ ([linker generated]):
__ZP_LAST__ ([linker generated]):
__ZP_SIZE__ ([linker generated]):
__ZP_START__ ([linker generated]):
_backGroundAttertable (gamemain.o):
_background_palette (gamemain.o):
_bank_bg (crt0.o):
_bank_spr (crt0.o):
_circle_x (gamemain.o):
_circle_y (gamemain.o):
_compute_generation (plague.o):
_compute_masks (mask.o):
    gamemain.o                gamemain.s(45)
_conway_grid (plague.o):
_delay (crt0.o):
_display_static_background (gamemain.o):
_draw_mask_sprites (mask.o):
_draw_virus (plague.o):
_exit (crt0.o):
_flush_vram_update (crt0.o):
_frame_count (gamemain.o):
_game_title_pal (game_title.o):
_game_title_rle (game_title.o):
_get_ppu_ctrl_var (crt0.o):
_hello_rle (gamemain.o):
_main (gamemain.o):
    crt0.o                    ../neslib/crt0.s(6)
_map_scroll (scrolling.o):
    gamemain.o                gamemain.s(33)
_memcpy (memcpy.o):
    vrambuf.o                 vrambuf.s(19)
_memfill (memfill.o):
_move_player (player.o):
    gamemain.o                gamemain.s(32)
_move_virus (plague.o):
    gamemain.o                gamemain.s(43)
_nesclock (crt0.o):
_nesstBackground (gamemain.o):
_nmi_set_callback (crt0.o):
_oam_clear (crt0.o):
    gamemain.o                gamemain.s(22)
_oam_clear_fast (oam_clear_fast.o):
_oam_hide_rest (crt0.o):
_oam_meta_spr (oam_meta_spr.o):
_oam_meta_spr_clip (oam_meta_spr_clip.o):
_oam_meta_spr_pal (oam_meta_spr_pal.o):
_oam_off (crt0.o):
    oam_meta_spr_pal.o        ../neslib/oam_meta_spr_pal.s(2)
    oam_meta_spr_clip.o       ../neslib/oam_meta_spr_clip.s(2)
_oam_size (crt0.o):
_oam_spr (oam_spr.o):
    plague.o                  plague.s(17)
    gamemain.o                gamemain.s(23)
_pad_poll (pad.o):
    scrolling.o               scrolling.s(14)
    player.o                  player.s(14)
    gamemain.o                gamemain.s(24)
_pad_state (pad.o):
_pad_trigger (pad.o):
_pal_all (crt0.o):
_pal_bg (crt0.o):
    gamemain.o                gamemain.s(16)
_pal_bg_bright (crt0.o):
_pal_bright (crt0.o):
    gamemain.o                gamemain.s(18)
_pal_clear (crt0.o):
_pal_col (crt0.o):
_pal_spr (crt0.o):
    gamemain.o                gamemain.s(17)
_pal_spr_bright (crt0.o):
_play_state (gamemain.o):
_player_pal (gamemain.o):
_ppu_mask (crt0.o):
_ppu_off (crt0.o):
    gamemain.o                gamemain.s(20)
_ppu_on_all (crt0.o):
    gamemain.o                gamemain.s(21)
_ppu_on_bg (crt0.o):
_ppu_on_spr (crt0.o):
_ppu_system (crt0.o):
_ppu_wait_frame (crt0.o):
    vrambuf.o                 vrambuf.s(13)
_ppu_wait_nmi (crt0.o):
    gamemain.o                gamemain.s(19)
_put_str (gamemain.o):
_rand (rand.o):
    rndhelper.o               rndhelper.s(13)
_rand16 (rand.o):
_rand8 (rand.o):
_rndint (rndhelper.o):
    gamemain.o                gamemain.s(44)
_scroll (crt0.o):
    gamemain.o                gamemain.s(25)
_seconds (gamemain.o):
_set_ppu_ctrl_var (crt0.o):
_set_rand (rand.o):
_set_vram_update (crt0.o):
    gamemain.o                gamemain.s(26)
_setup_graphics (gamemain.o):
_show_title_screen (gamemain.o):
_split (split.o):
_splitxy (splitxy.o):
_spr_palette (gamemain.o):
_sqrt (plague.o):
_srand (rand.o):
_strlen (strlen.o):
    gamemain.o                gamemain.s(14)
_title_attribute_table (gamemain.o):
_title_palette (gamemain.o):
_title_screen (gamemain.o):
_updptr (vrambuf.o):
_vram_adr (crt0.o):
    gamemain.o                gamemain.s(27)
_vram_fill (crt0.o):
    gamemain.o                gamemain.s(28)
_vram_inc (crt0.o):
_vram_put (crt0.o):
_vram_read (vram_read.o):
_vram_unlz4 (lz4vram.o):
_vram_unrle (vram_unrle.o):
    gamemain.o                gamemain.s(30)
_vram_write (crt0.o):
    lz4vram.o                 ../neslib/lz4vram.s(10)
    gamemain.o                gamemain.s(29)
_vrambuf_clear (vrambuf.o):
    gamemain.o                gamemain.s(34)
_vrambuf_end (vrambuf.o):
_vrambuf_flush (vrambuf.o):
_vrambuf_put (vrambuf.o):
addysp (addysp.o):
    incsp8.o                  runtime/incsp8.s(8)
    incsp6.o                  runtime/incsp6.s(8)
    incsp5.o                  runtime/incsp5.s(8)
    incsp4.o                  runtime/incsp4.s(8)
    incsp3.o                  runtime/incsp3.s(8)
    plague.o                  plague.s(1202)
    plague.o                  plague.s(1202)
    gamemain.o                gamemain.s(1603)
addysp1 (addysp.o):
    sub.o                     runtime/sub.s(8)
    ludiv.o                   runtime/ludiv.s(9)
chr_data (chr_generic.o):
condes (condes.o):
copydata (copydata.o):
    crt0.o                    ../neslib/crt0.s(6)
decsp1 (decsp1.o):
    scrolling.o               scrolling.s(222)
    player.o                  player.s(369)
    mask.o                    mask.s(62)
    gamemain.o                gamemain.s(1603)
    gamemain.o                gamemain.s(1603)
decsp2 (decsp2.o):
    plague.o                  plague.s(1202)
decsp4 (decsp4.o):
    lpush.o                   runtime/lpush.s(12)
    plague.o                  plague.s(1202)
    gamemain.o                gamemain.s(1603)
decsp6 (decsp6.o):
    gamemain.o                gamemain.s(1603)
donelib (condes.o):
getlop (ludiv.o):
incsp2 (incsp2.o):
    staxspi.o                 runtime/staxspi.s(9)
    staspidx.o                runtime/staspidx.s(8)
    popptr1.o                 runtime/popptr1.s(8)
    rndhelper.o               rndhelper.s(49)
incsp3 (incsp3.o):
    player.o                  player.s(369)
    plague.o                  plague.s(1202)
    gamemain.o                gamemain.s(1603)
incsp4 (incsp4.o):
    mask.o                    mask.s(62)
    mask.o                    mask.s(62)
    gamemain.o                gamemain.s(1603)
    gamemain.o                gamemain.s(1603)
incsp5 (incsp5.o):
    vrambuf.o                 vrambuf.s(145)
    plague.o                  plague.s(1202)
incsp6 (incsp6.o):
    scrolling.o               scrolling.s(222)
incsp8 (incsp8.o):
    gamemain.o                gamemain.s(1603)
initlib (condes.o):
    crt0.o                    ../neslib/crt0.s(6)
memcpy_getparams (memcpy.o):
memcpy_upwards (memcpy.o):
mul8x16 (mul8.o):
    mul.o                     runtime/mul.s(8)
mul8x16a (mul8.o):
    mul.o                     runtime/mul.s(8)
popa (popa.o):
    oam_meta_spr_clip.o       ../neslib/oam_meta_spr_clip.s(3)
    memfill.o                 ../neslib/memfill.s(3)
    crt0.o                    ../neslib/crt0.s(6)
popax (incsp2.o):
    memcpy.o                  common/memcpy.s(14)
    vram_read.o               ../neslib/vram_read.s(3)
    splitxy.o                 ../neslib/splitxy.s(3)
    split.o                   ../neslib/split.s(4)
    oam_meta_spr_clip.o       ../neslib/oam_meta_spr_clip.s(3)
    memfill.o                 ../neslib/memfill.s(3)
    lz4vram.o                 ../neslib/lz4vram.s(10)
    crt0.o                    ../neslib/crt0.s(6)
popptr1 (popptr1.o):
    umod.o                    runtime/umod.s(8)
    udiv.o                    runtime/udiv.s(9)
    mul8.o                    runtime/mul8.s(9)
    mul.o                     runtime/mul.s(9)
    memcpy.o                  common/memcpy.s(14)
ptr1 (zeropage.o):
    zerobss.o                 common/zerobss.s(9)
    udiv.o                    runtime/udiv.s(10)
    staxspi.o                 runtime/staxspi.s(10)
    staspidx.o                runtime/staspidx.s(9)
    popptr1.o                 runtime/popptr1.s(9)
    mul8.o                    runtime/mul8.s(10)
    mul.o                     runtime/mul.s(10)
    memcpy.o                  common/memcpy.s(15)
    ludiv.o                   runtime/ludiv.s(10)
    copydata.o                common/copydata.s(9)
    lz4vram.o                 ../neslib/lz4vram.s(8)
    vrambuf.o                 vrambuf.s(11)
    scrolling.o               scrolling.s(11)
    rndhelper.o               rndhelper.s(11)
    player.o                  player.s(11)
    plague.o                  plague.s(11)
    gamemain.o                gamemain.s(11)
ptr2 (zeropage.o):
    strlen.o                  common/strlen.s(12)
    memcpy.o                  common/memcpy.s(15)
    ludiv.o                   runtime/ludiv.s(10)
    copydata.o                common/copydata.s(9)
    lz4vram.o                 ../neslib/lz4vram.s(8)
ptr3 (zeropage.o):
    memcpy.o                  common/memcpy.s(15)
    ludiv.o                   runtime/ludiv.s(10)
    lz4vram.o                 ../neslib/lz4vram.s(8)
ptr4 (zeropage.o):
    umod.o                    runtime/umod.s(9)
    udiv.o                    runtime/udiv.s(10)
    mul8.o                    runtime/mul8.s(10)
    mul.o                     runtime/mul.s(10)
    ludiv.o                   runtime/ludiv.s(10)
    lz4vram.o                 ../neslib/lz4vram.s(8)
push0 (pushax.o):
    plague.o                  plague.s(1202)
push0ax (lpush.o):
    plague.o                  plague.s(1202)
pusha (pusha.o):
    vrambuf.o                 vrambuf.s(145)
    scrolling.o               scrolling.s(222)
    rndhelper.o               rndhelper.s(49)
    plague.o                  plague.s(1202)
    plague.o                  plague.s(1202)
    plague.o                  plague.s(1202)
    plague.o                  plague.s(1202)
    mask.o                    mask.s(62)
    mask.o                    mask.s(62)
    gamemain.o                gamemain.s(1603)
    gamemain.o                gamemain.s(1603)
pusha0 (pushax.o):
    scrolling.o               scrolling.s(222)
    player.o                  player.s(369)
    plague.o                  plague.s(1202)
    plague.o                  plague.s(1202)
    gamemain.o                gamemain.s(1603)
pusha0sp (pusha.o):
pushax (pushax.o):
    lz4vram.o                 ../neslib/lz4vram.s(10)
    vrambuf.o                 vrambuf.s(145)
    scrolling.o               scrolling.s(222)
    rndhelper.o               rndhelper.s(49)
    player.o                  player.s(369)
    plague.o                  plague.s(1202)
    plague.o                  plague.s(1202)
    plague.o                  plague.s(1202)
    gamemain.o                gamemain.s(1603)
    gamemain.o                gamemain.s(1603)
    gamemain.o                gamemain.s(1603)
    gamemain.o                gamemain.s(1603)
    gamemain.o                gamemain.s(1603)
pushaysp (pusha.o):
pusheax (lpush.o):
pushl0 (lpush.o):
pushw0sp (pushwsp.o):
    gamemain.o                gamemain.s(1603)
pushwysp (pushwsp.o):
    gamemain.o                gamemain.s(1603)
regbank (zeropage.o):
    regswap2.o                runtime/regswap2.s(8)
    vrambuf.o                 vrambuf.s(10)
regsave (zeropage.o):
    lz4vram.o                 ../neslib/lz4vram.s(7)
    plague.o                  plague.s(10)
regswap2 (regswap2.o):
    vrambuf.o                 vrambuf.s(145)
sp (zeropage.o):
    subysp.o                  runtime/subysp.s(9)
    sub.o                     runtime/sub.s(9)
    staxspi.o                 runtime/staxspi.s(10)
    staxsp.o                  runtime/staxsp.s(8)
    staspidx.o                runtime/staspidx.s(9)
    regswap2.o                runtime/regswap2.s(8)
    pushwsp.o                 runtime/pushwsp.s(8)
    pushax.o                  runtime/pushax.s(8)
    pusha.o                   runtime/pusha.s(8)
    popptr1.o                 runtime/popptr1.s(9)
    popa.o                    runtime/popa.s(8)
    memcpy.o                  common/memcpy.s(15)
    ludiv.o                   runtime/ludiv.s(10)
    lpush.o                   runtime/lpush.s(13)
    incsp2.o                  runtime/incsp2.s(8)
    icmp.o                    runtime/icmp.s(9)
    decsp6.o                  runtime/decsp6.s(8)
    decsp4.o                  runtime/decsp4.s(8)
    decsp2.o                  runtime/decsp2.s(8)
    decsp1.o                  runtime/decsp1.s(8)
    addysp.o                  runtime/addysp.s(8)
    add.o                     runtime/add.s(12)
    oam_spr.o                 ../neslib/oam_spr.s(2)
    oam_meta_spr_pal.o        ../neslib/oam_meta_spr_pal.s(2)
    oam_meta_spr.o            ../neslib/oam_meta_spr.s(2)
    crt0.o                    /usr/share/cc65/asminc/zeropage.inc(11)
    vrambuf.o                 vrambuf.s(10)
    scrolling.o               scrolling.s(10)
    rndhelper.o               rndhelper.s(10)
    player.o                  player.s(10)
    plague.o                  plague.s(10)
    mask.o                    mask.s(10)
    gamemain.o                gamemain.s(10)
sreg (zeropage.o):
    umod.o                    runtime/umod.s(9)
    udiv.o                    runtime/udiv.s(10)
    ludiv.o                   runtime/ludiv.s(10)
    lpush.o                   runtime/lpush.s(13)
    icmp.o                    runtime/icmp.s(9)
    lz4vram.o                 ../neslib/lz4vram.s(7)
    plague.o                  plague.s(10)
staspidx (staspidx.o):
    scrolling.o               scrolling.s(222)
    player.o                  player.s(369)
    plague.o                  plague.s(1202)
    plague.o                  plague.s(1202)
stax0sp (staxsp.o):
staxspidx (staxspi.o):
    player.o                  player.s(369)
staxysp (staxsp.o):
    plague.o                  plague.s(1202)
    gamemain.o                gamemain.s(1603)
subysp (subysp.o):
    plague.o                  plague.s(1202)
    gamemain.o                gamemain.s(1603)
tmp1 (zeropage.o):
    staxspi.o                 runtime/staxspi.s(10)
    staspidx.o                runtime/staspidx.s(9)
    mul.o                     runtime/mul.s(10)
    copydata.o                common/copydata.s(9)
    add.o                     runtime/add.s(12)
    lz4vram.o                 ../neslib/lz4vram.s(8)
tmp2 (zeropage.o):
    lz4vram.o                 ../neslib/lz4vram.s(8)
tmp3 (zeropage.o):
    ludiv.o                   runtime/ludiv.s(10)
    lz4vram.o                 ../neslib/lz4vram.s(8)
tmp4 (zeropage.o):
    ludiv.o                   runtime/ludiv.s(10)
    lz4vram.o                 ../neslib/lz4vram.s(8)
tosadda0 (add.o):
    scrolling.o               scrolling.s(222)
    player.o                  player.s(369)
    gamemain.o                gamemain.s(1603)
tosaddax (add.o):
    plague.o                  plague.s(1202)
    plague.o                  plague.s(1202)
tosicmp (icmp.o):
tosicmp0 (icmp.o):
    plague.o                  plague.s(1202)
tosmula0 (mul8.o):
tosmulax (mul.o):
tossuba0 (sub.o):
    scrolling.o               scrolling.s(222)
    player.o                  player.s(369)
    plague.o                  plague.s(1202)
tossubax (sub.o):
    plague.o                  plague.s(1202)
tosudiv0ax (ludiv.o):
tosudiva0 (udiv.o):
    plague.o                  plague.s(1202)
    plague.o                  plague.s(1202)
tosudivax (udiv.o):
    plague.o                  plague.s(1202)
tosudiveax (ludiv.o):
    plague.o                  plague.s(1202)
tosumoda0 (umod.o):
    gamemain.o                gamemain.s(1603)
tosumodax (umod.o):
    rndhelper.o               rndhelper.s(49)
tosumula0 (mul8.o):
    plague.o                  plague.s(1202)
tosumulax (mul.o):
    plague.o                  plague.s(1202)
udiv16 (udiv.o):
    umod.o                    runtime/umod.s(8)
udiv32 (ludiv.o):
zerobss (zerobss.o):
    crt0.o                    ../neslib/crt0.s(6)

